node.exe : FAIL src/tests/notes.test.js
No linha:1 caractere:1
+ & "C:\Program Files\nodejs/node.exe" "C:\Program Files\nodejs/node_mo ...
+ ~~~~~~~~~~~~~~~~~~~~~~~~~~~~~~~~~~~~~~~~~~~~~~~~~~~~~~~~~~~~~~~~~~~~~
    + CategoryInfo          : NotSpecified: (FAIL src/tests/notes.test.js:String) [], RemoteException
    + FullyQualifiedErrorId : NativeCommandError
 
  ÔùÅ Test suite failed to run

    Jest encountered an unexpected token

    Jest failed to parse a file. This happens e.g. when your code or its dependencies use non-standard JavaScript 
syntax, or when Jest is not configured to support such syntax.

    Out of the box Jest supports Babel, which will be used to transform your files into valid JS based on your Babel 
configuration.

    By default "node_modules" folder is ignored by transformers.

    Here's what you can do:
     ÔÇó If you are trying to use ECMAScript Modules, see https://jestjs.io/docs/ecmascript-modules for how to enable 
it.
     ÔÇó If you are trying to use TypeScript, see https://jestjs.io/docs/getting-started#using-typescript
     ÔÇó To have some of your "node_modules" files transformed, you can specify a custom "transformIgnorePatterns" in 
your config.
     ÔÇó If you need a custom transformation specify a "transform" option in your config.
     ÔÇó If you simply want to mock your non-JS modules (e.g. binary assets) you can stub them out with the 
"moduleNameMapper" config option.

    You'll find more details and examples of these config options in the docs:
    https://jestjs.io/docs/configuration
    For information about custom transformations, see:
    https://jestjs.io/docs/code-transformation

    Details:

    SyntaxError: C:\Users\Usuario1\Downloads\sistema-escolar-v2-main 
(10)\sistema-escolar-v2-main\backend\src\controllers\DashboardController.js: Legacy octal literals are not allowed in 
strict mode. (421:42)

    [0m [90m 419 |[39m                         barColor[33m:[39m [32m'#eab308'[39m[33m,[39m
     [90m 420 |[39m                         startMin[33m:[39m [35m11[39m [33m*[39m [35m60[39m [33m+[39m 
[35m10[39m[33m,[39m
    [31m[1m>[22m[39m[90m 421 |[39m                         endMin[33m:[39m [35m12[39m [33m*[39m 
[35m60[39m [33m+[39m [35m00[39m
     [90m     |[39m                                           [31m[1m^[22m[39m
     [90m 422 |[39m                     }[33m,[39m
     [90m 423 |[39m                     {
     [90m 424 |[39m                         hora[33m:[39m [32m'15:00'[39m[33m,[39m[0m

      at constructor (C:\Users\Usuario1\Downloads\sistema-escolar-v2-main 
(10)../../../../../../sistema-escolar-v2-main/backend/node_modules/@babel/parser/src/parse-error.ts:95:45)
      at Parser.toParseError [as raise] (C:\Users\Usuario1\Downloads\sistema-escolar-v2-main 
(10)../../../../../../sistema-escolar-v2-main/backend/node_modules/@babel/parser/src/tokenizer/index.ts:1504:19)
      at Parser.raise [as recordStrictModeErrors] (C:\Users\Usuario1\Downloads\sistema-escolar-v2-main 
(10)../../../../../../sistema-escolar-v2-main/backend/node_modules/@babel/parser/src/tokenizer/index.ts:1403:12)
      at Parser.recordStrictModeErrors [as readNumber] (C:\Users\Usuario1\Downloads\sistema-escolar-v2-main 
(10)../../../../../../sistema-escolar-v2-main/backend/node_modules/@babel/parser/src/tokenizer/index.ts:1241:12)
      at Parser.readNumber [as getTokenFromCode] (C:\Users\Usuario1\Downloads\sistema-escolar-v2-main 
(10)../../../../../../sistema-escolar-v2-main/backend/node_modules/@babel/parser/src/tokenizer/index.ts:986:14)
      at Parser.getTokenFromCode [as nextToken] (C:\Users\Usuario1\Downloads\sistema-escolar-v2-main 
(10)../../../../../../sistema-escolar-v2-main/backend/node_modules/@babel/parser/src/tokenizer/index.ts:279:10)
      at Parser.nextToken [as next] (C:\Users\Usuario1\Downloads\sistema-escolar-v2-main 
(10)../../../../../../sistema-escolar-v2-main/backend/node_modules/@babel/parser/src/tokenizer/index.ts:122:10)
      at Parser.next [as parseExprOp] (C:\Users\Usuario1\Downloads\sistema-escolar-v2-main 
(10)../../../../../../sistema-escolar-v2-main/backend/node_modules/@babel/parser/src/parser/expression.ts:497:14)
      at Parser.parseExprOp (C:\Users\Usuario1\Downloads\sistema-escolar-v2-main 
(10)../../../../../../sistema-escolar-v2-main/backend/node_modules/@babel/parser/src/parser/expression.ts:534:21)
      at Parser.parseExprOp [as parseExprOps] (C:\Users\Usuario1\Downloads\sistema-escolar-v2-main 
(10)../../../../../../sistema-escolar-v2-main/backend/node_modules/@babel/parser/src/parser/expression.ts:435:17)
      at Parser.parseExprOps [as parseMaybeConditional] (C:\Users\Usuario1\Downloads\sistema-escolar-v2-main 
(10)../../../../../../sistema-escolar-v2-main/backend/node_modules/@babel/parser/src/parser/expression.ts:384:23)
      at Parser.parseMaybeConditional [as parseMaybeAssign] (C:\Users\Usuario1\Downloads\sistema-escolar-v2-main 
(10)../../../../../../sistema-escolar-v2-main/backend/node_modules/@babel/parser/src/parser/expression.ts:301:21)
      at parseMaybeAssign (C:\Users\Usuario1\Downloads\sistema-escolar-v2-main 
(10)../../../../../../sistema-escolar-v2-main/backend/node_modules/@babel/parser/src/parser/expression.ts:257:12)
      at Parser.callback [as allowInAnd] (C:\Users\Usuario1\Downloads\sistema-escolar-v2-main 
(10)../../../../../../sistema-escolar-v2-main/backend/node_modules/@babel/parser/src/parser/expression.ts:3197:12)
      at Parser.allowInAnd [as parseMaybeAssignAllowIn] (C:\Users\Usuario1\Downloads\sistema-escolar-v2-main 
(10)../../../../../../sistema-escolar-v2-main/backend/node_modules/@babel/parser/src/parser/expression.ts:256:17)
      at Parser.parseMaybeAssignAllowIn [as parseMaybeAssignAllowInOrVoidPattern] 
(C:\Users\Usuario1\Downloads\sistema-escolar-v2-main 
(10)../../../../../../sistema-escolar-v2-main/backend/node_modules/@babel/parser/src/parser/expression.ts:3311:17)
      at Parser.parseMaybeAssignAllowInOrVoidPattern [as parseObjectProperty] 
(C:\Users\Usuario1\Downloads\sistema-escolar-v2-main 
(10)../../../../../../sistema-escolar-v2-main/backend/node_modules/@babel/parser/src/parser/expression.ts:2328:16)
      at Parser.parseObjectProperty [as parseObjPropValue] (C:\Users\Usuario1\Downloads\sistema-escolar-v2-main 
(10)../../../../../../sistema-escolar-v2-main/backend/node_modules/@babel/parser/src/parser/expression.ts:2391:12)
      at Parser.parseObjPropValue [as parsePropertyDefinition] (C:\Users\Usuario1\Downloads\sistema-escolar-v2-main 
(10)../../../../../../sistema-escolar-v2-main/backend/node_modules/@babel/parser/src/parser/expression.ts:2231:17)
      at Parser.parsePropertyDefinition [as parseObjectLike] (C:\Users\Usuario1\Downloads\sistema-escolar-v2-main 
(10)../../../../../../sistema-escolar-v2-main/backend/node_modules/@babel/parser/src/parser/expression.ts:2098:21)
      at Parser.parseObjectLike [as parseExprAtom] (C:\Users\Usuario1\Downloads\sistema-escolar-v2-main 
(10)../../../../../../sistema-escolar-v2-main/backend/node_modules/@babel/parser/src/parser/expression.ts:1181:21)
      at Parser.parseExprAtom [as parseExprSubscripts] (C:\Users\Usuario1\Downloads\sistema-escolar-v2-main 
(10)../../../../../../sistema-escolar-v2-main/backend/node_modules/@babel/parser/src/parser/expression.ts:742:23)
      at Parser.parseExprSubscripts [as parseUpdate] (C:\Users\Usuario1\Downloads\sistema-escolar-v2-main 
(10)../../../../../../sistema-escolar-v2-main/backend/node_modules/@babel/parser/src/parser/expression.ts:721:21)
      at Parser.parseUpdate [as parseMaybeUnary] (C:\Users\Usuario1\Downloads\sistema-escolar-v2-main 
(10)../../../../../../sistema-escolar-v2-main/backend/node_modules/@babel/parser/src/parser/expression.ts:683:23)
      at Parser.parseMaybeUnary [as parseMaybeUnaryOrPrivate] (C:\Users\Usuario1\Downloads\sistema-escolar-v2-main 
(10)../../../../../../sistema-escolar-v2-main/backend/node_modules/@babel/parser/src/parser/expression.ts:417:14)
      at Parser.parseMaybeUnaryOrPrivate [as parseExprOps] (C:\Users\Usuario1\Downloads\sistema-escolar-v2-main 
(10)../../../../../../sistema-escolar-v2-main/backend/node_modules/@babel/parser/src/parser/expression.ts:429:23)
      at Parser.parseExprOps [as parseMaybeConditional] (C:\Users\Usuario1\Downloads\sistema-escolar-v2-main 
(10)../../../../../../sistema-escolar-v2-main/backend/node_modules/@babel/parser/src/parser/expression.ts:384:23)
      at Parser.parseMaybeConditional [as parseMaybeAssign] (C:\Users\Usuario1\Downloads\sistema-escolar-v2-main 
(10)../../../../../../sistema-escolar-v2-main/backend/node_modules/@babel/parser/src/parser/expression.ts:301:21)
      at parseMaybeAssign (C:\Users\Usuario1\Downloads\sistema-escolar-v2-main 
(10)../../../../../../sistema-escolar-v2-main/backend/node_modules/@babel/parser/src/parser/expression.ts:257:12)
      at Parser.callback [as allowInAnd] (C:\Users\Usuario1\Downloads\sistema-escolar-v2-main 
(10)../../../../../../sistema-escolar-v2-main/backend/node_modules/@babel/parser/src/parser/expression.ts:3197:12)
      at Parser.allowInAnd [as parseMaybeAssignAllowIn] (C:\Users\Usuario1\Downloads\sistema-escolar-v2-main 
(10)../../../../../../sistema-escolar-v2-main/backend/node_modules/@babel/parser/src/parser/expression.ts:256:17)
      at Parser.parseMaybeAssignAllowIn [as parseMaybeAssignAllowInOrVoidPattern] 
(C:\Users\Usuario1\Downloads\sistema-escolar-v2-main 
(10)../../../../../../sistema-escolar-v2-main/backend/node_modules/@babel/parser/src/parser/expression.ts:3311:17)
      at Parser.parseMaybeAssignAllowInOrVoidPattern [as parseExprListItem] 
(C:\Users\Usuario1\Downloads\sistema-escolar-v2-main 
(10)../../../../../../sistema-escolar-v2-main/backend/node_modules/@babel/parser/src/parser/expression.ts:2793:18)
      at Parser.parseExprListItem [as parseExprList] (C:\Users\Usuario1\Downloads\sistema-escolar-v2-main 
(10)../../../../../../sistema-escolar-v2-main/backend/node_modules/@babel/parser/src/parser/expression.ts:2737:22)
      at Parser.parseExprList [as parseArrayLike] (C:\Users\Usuario1\Downloads\sistema-escolar-v2-main 
(10)../../../../../../sistema-escolar-v2-main/backend/node_modules/@babel/parser/src/parser/expression.ts:2518:26)
      at Parser.parseArrayLike [as parseExprAtom] (C:\Users\Usuario1\Downloads\sistema-escolar-v2-main 
(10)../../../../../../sistema-escolar-v2-main/backend/node_modules/@babel/parser/src/parser/expression.ts:1174:21)
      at Parser.parseExprAtom [as parseExprSubscripts] (C:\Users\Usuario1\Downloads\sistema-escolar-v2-main 
(10)../../../../../../sistema-escolar-v2-main/backend/node_modules/@babel/parser/src/parser/expression.ts:742:23)
      at Parser.parseExprSubscripts [as parseUpdate] (C:\Users\Usuario1\Downloads\sistema-escolar-v2-main 
(10)../../../../../../sistema-escolar-v2-main/backend/node_modules/@babel/parser/src/parser/expression.ts:721:21)
      at Parser.parseUpdate [as parseMaybeUnary] (C:\Users\Usuario1\Downloads\sistema-escolar-v2-main 
(10)../../../../../../sistema-escolar-v2-main/backend/node_modules/@babel/parser/src/parser/expression.ts:683:23)
      at Parser.parseMaybeUnary [as parseMaybeUnaryOrPrivate] (C:\Users\Usuario1\Downloads\sistema-escolar-v2-main 
(10)../../../../../../sistema-escolar-v2-main/backend/node_modules/@babel/parser/src/parser/expression.ts:417:14)
      at Parser.parseMaybeUnaryOrPrivate [as parseExprOps] (C:\Users\Usuario1\Downloads\sistema-escolar-v2-main 
(10)../../../../../../sistema-escolar-v2-main/backend/node_modules/@babel/parser/src/parser/expression.ts:429:23)
      at Parser.parseExprOps [as parseMaybeConditional] (C:\Users\Usuario1\Downloads\sistema-escolar-v2-main 
(10)../../../../../../sistema-escolar-v2-main/backend/node_modules/@babel/parser/src/parser/expression.ts:384:23)
      at Parser.parseMaybeConditional [as parseMaybeAssign] (C:\Users\Usuario1\Downloads\sistema-escolar-v2-main 
(10)../../../../../../sistema-escolar-v2-main/backend/node_modules/@babel/parser/src/parser/expression.ts:301:21)
      at parseMaybeAssign (C:\Users\Usuario1\Downloads\sistema-escolar-v2-main 
(10)../../../../../../sistema-escolar-v2-main/backend/node_modules/@babel/parser/src/parser/expression.ts:257:12)
      at Parser.callback [as allowInAnd] (C:\Users\Usuario1\Downloads\sistema-escolar-v2-main 
(10)../../../../../../sistema-escolar-v2-main/backend/node_modules/@babel/parser/src/parser/expression.ts:3192:16)
      at Parser.allowInAnd [as parseMaybeAssignAllowIn] (C:\Users\Usuario1\Downloads\sistema-escolar-v2-main 
(10)../../../../../../sistema-escolar-v2-main/backend/node_modules/@babel/parser/src/parser/expression.ts:256:17)
      at Parser.parseMaybeAssignAllowIn [as parseVar] (C:\Users\Usuario1\Downloads\sistema-escolar-v2-main 
(10)../../../../../../sistema-escolar-v2-main/backend/node_modules/@babel/parser/src/parser/statement.ts:1587:18)
      at Parser.parseVar [as parseVarStatement] (C:\Users\Usuario1\Downloads\sistema-escolar-v2-main 
(10)../../../../../../sistema-escolar-v2-main/backend/node_modules/@babel/parser/src/parser/statement.ts:1251:10)
      at Parser.parseVarStatement [as parseStatementContent] (C:\Users\Usuario1\Downloads\sistema-escolar-v2-main 
(10)../../../../../../sistema-escolar-v2-main/backend/node_modules/@babel/parser/src/parser/statement.ts:612:21)
      at Parser.parseStatementContent [as parseStatementLike] (C:\Users\Usuario1\Downloads\sistema-escolar-v2-main 
(10)../../../../../../sistema-escolar-v2-main/backend/node_modules/@babel/parser/src/parser/statement.ts:482:17)
      at Parser.parseStatementLike [as parseStatementListItem] (C:\Users\Usuario1\Downloads\sistema-escolar-v2-main 
(10)../../../../../../sistema-escolar-v2-main/backend/node_modules/@babel/parser/src/parser/statement.ts:431:17)
      at Parser.parseStatementListItem [as parseBlockOrModuleBlockBody] 
(C:\Users\Usuario1\Downloads\sistema-escolar-v2-main 
(10)../../../../../../sistema-escolar-v2-main/backend/node_modules/@babel/parser/src/parser/statement.ts:1444:16)
      at Parser.parseBlockOrModuleBlockBody [as parseBlockBody] (C:\Users\Usuario1\Downloads\sistema-escolar-v2-main 
(10)../../../../../../sistema-escolar-v2-main/backend/node_modules/@babel/parser/src/parser/statement.ts:1417:10)
      at Parser.parseBlockBody [as parseBlock] (C:\Users\Usuario1\Downloads\sistema-escolar-v2-main 
(10)../../../../../../sistema-escolar-v2-main/backend/node_modules/@babel/parser/src/parser/statement.ts:1385:10)
      at Parser.parseBlock [as parseStatementContent] (C:\Users\Usuario1\Downloads\sistema-escolar-v2-main 
(10)../../../../../../sistema-escolar-v2-main/backend/node_modules/@babel/parser/src/parser/statement.ts:622:21)
      at Parser.parseStatementContent [as parseStatementLike] (C:\Users\Usuario1\Downloads\sistema-escolar-v2-main 
(10)../../../../../../sistema-escolar-v2-main/backend/node_modules/@babel/parser/src/parser/statement.ts:482:17)
      at Parser.parseStatementLike [as parseStatementOrSloppyAnnexBFunctionDeclaration] 
(C:\Users\Usuario1\Downloads\sistema-escolar-v2-main 
(10)../../../../../../sistema-escolar-v2-main/backend/node_modules/@babel/parser/src/parser/statement.ts:451:17)
      at Parser.parseStatementOrSloppyAnnexBFunctionDeclaration [as parseIfStatement] 
(C:\Users\Usuario1\Downloads\sistema-escolar-v2-main 
(10)../../../../../../sistema-escolar-v2-main/backend/node_modules/@babel/parser/src/parser/statement.ts:1094:28)
      at Parser.parseIfStatement [as parseStatementContent] (C:\Users\Usuario1\Downloads\sistema-escolar-v2-main 
(10)../../../../../../sistema-escolar-v2-main/backend/node_modules/@babel/parser/src/parser/statement.ts:541:21)
      at Parser.parseStatementContent [as parseStatementLike] (C:\Users\Usuario1\Downloads\sistema-escolar-v2-main 
(10)../../../../../../sistema-escolar-v2-main/backend/node_modules/@babel/parser/src/parser/statement.ts:482:17)
      at Parser.parseStatementLike [as parseStatementListItem] (C:\Users\Usuario1\Downloads\sistema-escolar-v2-main 
(10)../../../../../../sistema-escolar-v2-main/backend/node_modules/@babel/parser/src/parser/statement.ts:431:17)
      at Parser.parseStatementListItem [as parseBlockOrModuleBlockBody] 
(C:\Users\Usuario1\Downloads\sistema-escolar-v2-main 
(10)../../../../../../sistema-escolar-v2-main/backend/node_modules/@babel/parser/src/parser/statement.ts:1444:16)
      at Parser.parseBlockOrModuleBlockBody [as parseBlockBody] (C:\Users\Usuario1\Downloads\sistema-escolar-v2-main 
(10)../../../../../../sistema-escolar-v2-main/backend/node_modules/@babel/parser/src/parser/statement.ts:1417:10)
      at Parser.parseBlockBody [as parseBlock] (C:\Users\Usuario1\Downloads\sistema-escolar-v2-main 
(10)../../../../../../sistema-escolar-v2-main/backend/node_modules/@babel/parser/src/parser/statement.ts:1385:10)
      at Parser.parseBlock [as parseStatementContent] (C:\Users\Usuario1\Downloads\sistema-escolar-v2-main 
(10)../../../../../../sistema-escolar-v2-main/backend/node_modules/@babel/parser/src/parser/statement.ts:622:21)
      at Parser.parseStatementContent [as parseStatementLike] (C:\Users\Usuario1\Downloads\sistema-escolar-v2-main 
(10)../../../../../../sistema-escolar-v2-main/backend/node_modules/@babel/parser/src/parser/statement.ts:482:17)
      at Parser.parseStatementLike [as parseStatementOrSloppyAnnexBFunctionDeclaration] 
(C:\Users\Usuario1\Downloads\sistema-escolar-v2-main 
(10)../../../../../../sistema-escolar-v2-main/backend/node_modules/@babel/parser/src/parser/statement.ts:451:17)
      at Parser.parseStatementOrSloppyAnnexBFunctionDeclaration [as parseIfStatement] 
(C:\Users\Usuario1\Downloads\sistema-escolar-v2-main 
(10)../../../../../../sistema-escolar-v2-main/backend/node_modules/@babel/parser/src/parser/statement.ts:1094:28)
      at Parser.parseIfStatement [as parseStatementContent] (C:\Users\Usuario1\Downloads\sistema-escolar-v2-main 
(10)../../../../../../sistema-escolar-v2-main/backend/node_modules/@babel/parser/src/parser/statement.ts:541:21)
      at Parser.parseStatementContent [as parseStatementLike] (C:\Users\Usuario1\Downloads\sistema-escolar-v2-main 
(10)../../../../../../sistema-escolar-v2-main/backend/node_modules/@babel/parser/src/parser/statement.ts:482:17)
      at Parser.parseStatementLike [as parseStatementListItem] (C:\Users\Usuario1\Downloads\sistema-escolar-v2-main 
(10)../../../../../../sistema-escolar-v2-main/backend/node_modules/@babel/parser/src/parser/statement.ts:431:17)
      at Parser.parseStatementListItem [as parseBlockOrModuleBlockBody] 
(C:\Users\Usuario1\Downloads\sistema-escolar-v2-main 
(10)../../../../../../sistema-escolar-v2-main/backend/node_modules/@babel/parser/src/parser/statement.ts:1444:16)
      at Parser.parseBlockOrModuleBlockBody [as parseBlockBody] (C:\Users\Usuario1\Downloads\sistema-escolar-v2-main 
(10)../../../../../../sistema-escolar-v2-main/backend/node_modules/@babel/parser/src/parser/statement.ts:1417:10)
      at Parser.parseBlockBody [as parseBlock] (C:\Users\Usuario1\Downloads\sistema-escolar-v2-main 
(10)../../../../../../sistema-escolar-v2-main/backend/node_modules/@babel/parser/src/parser/statement.ts:1385:10)
      at Parser.parseBlock [as parseTryStatement] (C:\Users\Usuario1\Downloads\sistema-escolar-v2-main 
(10)../../../../../../sistema-escolar-v2-main/backend/node_modules/@babel/parser/src/parser/statement.ts:1205:23)
      at Parser.parseTryStatement [as parseStatementContent] (C:\Users\Usuario1\Downloads\sistema-escolar-v2-main 
(10)../../../../../../sistema-escolar-v2-main/backend/node_modules/@babel/parser/src/parser/statement.ts:549:21)
      at Parser.parseStatementContent [as parseStatementLike] (C:\Users\Usuario1\Downloads\sistema-escolar-v2-main 
(10)../../../../../../sistema-escolar-v2-main/backend/node_modules/@babel/parser/src/parser/statement.ts:482:17)
      at Parser.parseStatementLike [as parseStatementListItem] (C:\Users\Usuario1\Downloads\sistema-escolar-v2-main 
(10)../../../../../../sistema-escolar-v2-main/backend/node_modules/@babel/parser/src/parser/statement.ts:431:17)
      at Parser.parseStatementListItem [as parseBlockOrModuleBlockBody] 
(C:\Users\Usuario1\Downloads\sistema-escolar-v2-main 
(10)../../../../../../sistema-escolar-v2-main/backend/node_modules/@babel/parser/src/parser/statement.ts:1444:16)
      at Parser.parseBlockOrModuleBlockBody [as parseBlockBody] (C:\Users\Usuario1\Downloads\sistema-escolar-v2-main 
(10)../../../../../../sistema-escolar-v2-main/backend/node_modules/@babel/parser/src/parser/statement.ts:1417:10)
      at Parser.parseBlockBody [as parseBlock] (C:\Users\Usuario1\Downloads\sistema-escolar-v2-main 
(10)../../../../../../sistema-escolar-v2-main/backend/node_modules/@babel/parser/src/parser/statement.ts:1385:10)
      at Parser.parseBlock [as parseFunctionBody] (C:\Users\Usuario1\Downloads\sistema-escolar-v2-main 
(10)../../../../../../sistema-escolar-v2-main/backend/node_modules/@babel/parser/src/parser/expression.ts:2621:24)
      at Parser.parseFunctionBody [as parseArrowExpression] (C:\Users\Usuario1\Downloads\sistema-escolar-v2-main 
(10)../../../../../../sistema-escolar-v2-main/backend/node_modules/@babel/parser/src/parser/expression.ts:2562:10)
      at Parser.parseArrowExpression [as parseAsyncArrowFromCallExpression] 
(C:\Users\Usuario1\Downloads\sistema-escolar-v2-main 
(10)../../../../../../sistema-escolar-v2-main/backend/node_modules/@babel/parser/src/parser/expression.ts:1067:10)
      at Parser.parseAsyncArrowFromCallExpression [as parseCoverCallAndAsyncArrowHead] 
(C:\Users\Usuario1\Downloads\sistema-escolar-v2-main 
(10)../../../../../../sistema-escolar-v2-main/backend/node_modules/@babel/parser/src/parser/expression.ts:942:27)
      at Parser.parseCoverCallAndAsyncArrowHead [as parseSubscript] 
(C:\Users\Usuario1\Downloads\sistema-escolar-v2-main 
(10)../../../../../../sistema-escolar-v2-main/backend/node_modules/@babel/parser/src/parser/expression.ts:804:19)
      at Parser.parseSubscript [as parseSubscripts] (C:\Users\Usuario1\Downloads\sistema-escolar-v2-main 
(10)../../../../../../sistema-escolar-v2-main/backend/node_modules/@babel/parser/src/parser/expression.ts:763:19)
      at Parser.parseSubscripts [as parseExprSubscripts] (C:\Users\Usuario1\Downloads\sistema-escolar-v2-main 
(10)../../../../../../sistema-escolar-v2-main/backend/node_modules/@babel/parser/src/parser/expression.ts:748:17)
      at Parser.parseExprSubscripts [as parseUpdate] (C:\Users\Usuario1\Downloads\sistema-escolar-v2-main 
(10)../../../../../../sistema-escolar-v2-main/backend/node_modules/@babel/parser/src/parser/expression.ts:721:21)
      at Parser.parseUpdate [as parseMaybeUnary] (C:\Users\Usuario1\Downloads\sistema-escolar-v2-main 
(10)../../../../../../sistema-escolar-v2-main/backend/node_modules/@babel/parser/src/parser/expression.ts:683:23)
      at Parser.parseMaybeUnary [as parseMaybeUnaryOrPrivate] (C:\Users\Usuario1\Downloads\sistema-escolar-v2-main 
(10)../../../../../../sistema-escolar-v2-main/backend/node_modules/@babel/parser/src/parser/expression.ts:417:14)
      at Parser.parseMaybeUnaryOrPrivate [as parseExprOps] (C:\Users\Usuario1\Downloads\sistema-escolar-v2-main 
(10)../../../../../../sistema-escolar-v2-main/backend/node_modules/@babel/parser/src/parser/expression.ts:429:23)
      at Parser.parseExprOps [as parseMaybeConditional] (C:\Users\Usuario1\Downloads\sistema-escolar-v2-main 
(10)../../../../../../sistema-escolar-v2-main/backend/node_modules/@babel/parser/src/parser/expression.ts:384:23)
      at Parser.parseMaybeConditional [as parseMaybeAssign] (C:\Users\Usuario1\Downloads\sistema-escolar-v2-main 
(10)../../../../../../sistema-escolar-v2-main/backend/node_modules/@babel/parser/src/parser/expression.ts:301:21)
      at Parser.parseMaybeAssign (C:\Users\Usuario1\Downloads\sistema-escolar-v2-main 
(10)../../../../../../sistema-escolar-v2-main/backend/node_modules/@babel/parser/src/parser/expression.ts:345:25)
      at Parser.parseMaybeAssign [as parseExpressionBase] (C:\Users\Usuario1\Downloads\sistema-escolar-v2-main 
(10)../../../../../../sistema-escolar-v2-main/backend/node_modules/@babel/parser/src/parser/expression.ts:226:23)
      at parseExpressionBase (C:\Users\Usuario1\Downloads\sistema-escolar-v2-main 
(10)../../../../../../sistema-escolar-v2-main/backend/node_modules/@babel/parser/src/parser/expression.ts:217:39)
      at Parser.callback [as allowInAnd] (C:\Users\Usuario1\Downloads\sistema-escolar-v2-main 
(10)../../../../../../sistema-escolar-v2-main/backend/node_modules/@babel/parser/src/parser/expression.ts:3192:16)
      at Parser.allowInAnd [as parseExpression] (C:\Users\Usuario1\Downloads\sistema-escolar-v2-main 
(10)../../../../../../sistema-escolar-v2-main/backend/node_modules/@babel/parser/src/parser/expression.ts:217:17)
      at Parser.parseExpression [as parseStatementContent] (C:\Users\Usuario1\Downloads\sistema-escolar-v2-main 
(10)../../../../../../sistema-escolar-v2-main/backend/node_modules/@babel/parser/src/parser/statement.ts:688:23)

Test Suites: 1 failed, 1 total
Tests:       0 total
Snapshots:   0 total
Time:        2.789 s
Ran all test suites matching /src\\tests\\notes.test.js/i.
